// Jest Snapshot v1, https://goo.gl/fbAQLP

exports[`<GoTop /> should render a go to top button 1`] = `
<div>
  <a
    aria-label="Go to top"
    class="sc-bczSft frIvKN"
    href="#"
    title="Go to top"
  >
    <svg
      aria-hidden="true"
      class="StyledIconBase-sc-ea9ulj-0 llsAVB"
      fill="currentColor"
      focusable="false"
      viewBox="0 0 24 24"
      xmlns="http://www.w3.org/2000/svg"
    >
      <path
        d="M7.41 15.41 12 10.83l4.59 4.58L18 14l-6-6-6 6 1.41 1.41z"
      />
    </svg>
  </a>
</div>
`;
